Starting LWPS.
tid2thread() coped with a bad value.
Back from LWPS.
